Analysis & Synthesis report for mbMotionController
Sat Jan 10 15:26:40 2026
Quartus Prime Version 20.1.1 Build 720 11/11/2020 SJ Lite Edition


---------------------
; Table of Contents ;
---------------------
  1. Legal Notice
  2. Analysis & Synthesis Summary
  3. Analysis & Synthesis Settings
  4. Parallel Compilation
  5. Parameter Settings for User Entity Instance: t1b_ultrasonic:us_front
  6. Parameter Settings for User Entity Instance: t1b_ultrasonic:us_left
  7. Parameter Settings for User Entity Instance: t1b_ultrasonic:us_right
  8. Parameter Settings for User Entity Instance: t2c_maze_explorer:maze
  9. Port Connectivity Checks: "pwm_generator:pwm_r"
 10. Port Connectivity Checks: "pwm_generator:pwm_l"
 11. Port Connectivity Checks: "mbMotionController:ctrl"
 12. Port Connectivity Checks: "t2c_maze_explorer:maze"
 13. Port Connectivity Checks: "t1b_ultrasonic:us_right"
 14. Port Connectivity Checks: "t1b_ultrasonic:us_left"
 15. Port Connectivity Checks: "t1b_ultrasonic:us_front"
 16. Port Connectivity Checks: "encoder:encoder_right"
 17. Port Connectivity Checks: "encoder:encoder_left"
 18. Analysis & Synthesis Messages
 19. Analysis & Synthesis Suppressed Messages



----------------
; Legal Notice ;
----------------
Copyright (C) 2020  Intel Corporation. All rights reserved.
Your use of Intel Corporation's design tools, logic functions 
and other software and tools, and any partner logic 
functions, and any output files from any of the foregoing 
(including device programming or simulation files), and any 
associated documentation or information are expressly subject 
to the terms and conditions of the Intel Program License 
Subscription Agreement, the Intel Quartus Prime License Agreement,
the Intel FPGA IP License Agreement, or other applicable license
agreement, including, without limitation, that your use is for
the sole purpose of programming logic devices manufactured by
Intel and sold by Intel or its authorized distributors.  Please
refer to the applicable agreement for further details, at
https://fpgasoftware.intel.com/eula.



+----------------------------------------------------------------------------------+
; Analysis & Synthesis Summary                                                     ;
+------------------------------------+---------------------------------------------+
; Analysis & Synthesis Status        ; Failed - Sat Jan 10 15:26:40 2026           ;
; Quartus Prime Version              ; 20.1.1 Build 720 11/11/2020 SJ Lite Edition ;
; Revision Name                      ; mbMotionController                          ;
; Top-level Entity Name              ; topModule                                   ;
; Family                             ; Cyclone IV E                                ;
; Total logic elements               ; N/A until Partition Merge                   ;
;     Total combinational functions  ; N/A until Partition Merge                   ;
;     Dedicated logic registers      ; N/A until Partition Merge                   ;
; Total registers                    ; N/A until Partition Merge                   ;
; Total pins                         ; N/A until Partition Merge                   ;
; Total virtual pins                 ; N/A until Partition Merge                   ;
; Total memory bits                  ; N/A until Partition Merge                   ;
; Embedded Multiplier 9-bit elements ; N/A until Partition Merge                   ;
; Total PLLs                         ; N/A until Partition Merge                   ;
+------------------------------------+---------------------------------------------+


+------------------------------------------------------------------------------------------------------------+
; Analysis & Synthesis Settings                                                                              ;
+------------------------------------------------------------------+--------------------+--------------------+
; Option                                                           ; Setting            ; Default Value      ;
+------------------------------------------------------------------+--------------------+--------------------+
; Device                                                           ; EP4CE6E22A7        ;                    ;
; Top-level entity name                                            ; topModule          ; mbMotionController ;
; Family name                                                      ; Cyclone IV E       ; Cyclone V          ;
; Use smart compilation                                            ; Off                ; Off                ;
; Enable parallel Assembler and Timing Analyzer during compilation ; On                 ; On                 ;
; Enable compact report table                                      ; Off                ; Off                ;
; Restructure Multiplexers                                         ; Auto               ; Auto               ;
; Create Debugging Nodes for IP Cores                              ; Off                ; Off                ;
; Preserve fewer node names                                        ; On                 ; On                 ;
; Intel FPGA IP Evaluation Mode                                    ; Enable             ; Enable             ;
; Verilog Version                                                  ; Verilog_2001       ; Verilog_2001       ;
; VHDL Version                                                     ; VHDL_1993          ; VHDL_1993          ;
; State Machine Processing                                         ; Auto               ; Auto               ;
; Safe State Machine                                               ; Off                ; Off                ;
; Extract Verilog State Machines                                   ; On                 ; On                 ;
; Extract VHDL State Machines                                      ; On                 ; On                 ;
; Ignore Verilog initial constructs                                ; Off                ; Off                ;
; Iteration limit for constant Verilog loops                       ; 5000               ; 5000               ;
; Iteration limit for non-constant Verilog loops                   ; 250                ; 250                ;
; Add Pass-Through Logic to Inferred RAMs                          ; On                 ; On                 ;
; Infer RAMs from Raw Logic                                        ; On                 ; On                 ;
; Parallel Synthesis                                               ; On                 ; On                 ;
; DSP Block Balancing                                              ; Auto               ; Auto               ;
; NOT Gate Push-Back                                               ; On                 ; On                 ;
; Power-Up Don't Care                                              ; On                 ; On                 ;
; Remove Redundant Logic Cells                                     ; Off                ; Off                ;
; Remove Duplicate Registers                                       ; On                 ; On                 ;
; Ignore CARRY Buffers                                             ; Off                ; Off                ;
; Ignore CASCADE Buffers                                           ; Off                ; Off                ;
; Ignore GLOBAL Buffers                                            ; Off                ; Off                ;
; Ignore ROW GLOBAL Buffers                                        ; Off                ; Off                ;
; Ignore LCELL Buffers                                             ; Off                ; Off                ;
; Ignore SOFT Buffers                                              ; On                 ; On                 ;
; Limit AHDL Integers to 32 Bits                                   ; Off                ; Off                ;
; Optimization Technique                                           ; Balanced           ; Balanced           ;
; Carry Chain Length                                               ; 70                 ; 70                 ;
; Auto Carry Chains                                                ; On                 ; On                 ;
; Auto Open-Drain Pins                                             ; On                 ; On                 ;
; Perform WYSIWYG Primitive Resynthesis                            ; Off                ; Off                ;
; Auto ROM Replacement                                             ; On                 ; On                 ;
; Auto RAM Replacement                                             ; On                 ; On                 ;
; Auto DSP Block Replacement                                       ; On                 ; On                 ;
; Auto Shift Register Replacement                                  ; Auto               ; Auto               ;
; Allow Shift Register Merging across Hierarchies                  ; Auto               ; Auto               ;
; Auto Clock Enable Replacement                                    ; On                 ; On                 ;
; Strict RAM Replacement                                           ; Off                ; Off                ;
; Allow Synchronous Control Signals                                ; On                 ; On                 ;
; Force Use of Synchronous Clear Signals                           ; Off                ; Off                ;
; Auto RAM Block Balancing                                         ; On                 ; On                 ;
; Auto RAM to Logic Cell Conversion                                ; Off                ; Off                ;
; Auto Resource Sharing                                            ; Off                ; Off                ;
; Allow Any RAM Size For Recognition                               ; Off                ; Off                ;
; Allow Any ROM Size For Recognition                               ; Off                ; Off                ;
; Allow Any Shift Register Size For Recognition                    ; Off                ; Off                ;
; Use LogicLock Constraints during Resource Balancing              ; On                 ; On                 ;
; Ignore translate_off and synthesis_off directives                ; Off                ; Off                ;
; Timing-Driven Synthesis                                          ; On                 ; On                 ;
; Report Parameter Settings                                        ; On                 ; On                 ;
; Report Source Assignments                                        ; On                 ; On                 ;
; Report Connectivity Checks                                       ; On                 ; On                 ;
; Ignore Maximum Fan-Out Assignments                               ; Off                ; Off                ;
; Synchronization Register Chain Length                            ; 2                  ; 2                  ;
; Power Optimization During Synthesis                              ; Normal compilation ; Normal compilation ;
; HDL message level                                                ; Level2             ; Level2             ;
; Suppress Register Optimization Related Messages                  ; Off                ; Off                ;
; Number of Removed Registers Reported in Synthesis Report         ; 5000               ; 5000               ;
; Number of Swept Nodes Reported in Synthesis Report               ; 5000               ; 5000               ;
; Number of Inverted Registers Reported in Synthesis Report        ; 100                ; 100                ;
; Clock MUX Protection                                             ; On                 ; On                 ;
; Auto Gated Clock Conversion                                      ; Off                ; Off                ;
; Block Design Naming                                              ; Auto               ; Auto               ;
; SDC constraint protection                                        ; Off                ; Off                ;
; Synthesis Effort                                                 ; Auto               ; Auto               ;
; Shift Register Replacement - Allow Asynchronous Clear Signal     ; On                 ; On                 ;
; Pre-Mapping Resynthesis Optimization                             ; Off                ; Off                ;
; Analysis & Synthesis Message Level                               ; Medium             ; Medium             ;
; Disable Register Merging Across Hierarchies                      ; Auto               ; Auto               ;
; Resource Aware Inference For Block RAM                           ; On                 ; On                 ;
+------------------------------------------------------------------+--------------------+--------------------+


+------------------------------------------+
; Parallel Compilation                     ;
+----------------------------+-------------+
; Processors                 ; Number      ;
+----------------------------+-------------+
; Number detected on machine ; 8           ;
; Maximum allowed            ; 6           ;
;                            ;             ;
; Average used               ; 1.00        ;
; Maximum used               ; 1           ;
;                            ;             ;
; Usage by Processor         ; % Time Used ;
;     Processor 1            ; 100.0%      ;
+----------------------------+-------------+


+----------------------------------------------------------------------+
; Parameter Settings for User Entity Instance: t1b_ultrasonic:us_front ;
+----------------+-------+---------------------------------------------+
; Parameter Name ; Value ; Type                                        ;
+----------------+-------+---------------------------------------------+
; rst            ; 00    ; Unsigned Binary                             ;
; trigg          ; 01    ; Unsigned Binary                             ;
; count          ; 10    ; Unsigned Binary                             ;
; wt             ; 11    ; Unsigned Binary                             ;
; min_dis        ; 70    ; Signed Integer                              ;
+----------------+-------+---------------------------------------------+
Note: In order to hide this table in the UI and the text report file, please set the "Show Parameter Settings in Synthesis Report" option in "Analysis and Synthesis Settings -> More Settings" to "Off".


+---------------------------------------------------------------------+
; Parameter Settings for User Entity Instance: t1b_ultrasonic:us_left ;
+----------------+-------+--------------------------------------------+
; Parameter Name ; Value ; Type                                       ;
+----------------+-------+--------------------------------------------+
; rst            ; 00    ; Unsigned Binary                            ;
; trigg          ; 01    ; Unsigned Binary                            ;
; count          ; 10    ; Unsigned Binary                            ;
; wt             ; 11    ; Unsigned Binary                            ;
; min_dis        ; 70    ; Signed Integer                             ;
+----------------+-------+--------------------------------------------+
Note: In order to hide this table in the UI and the text report file, please set the "Show Parameter Settings in Synthesis Report" option in "Analysis and Synthesis Settings -> More Settings" to "Off".


+----------------------------------------------------------------------+
; Parameter Settings for User Entity Instance: t1b_ultrasonic:us_right ;
+----------------+-------+---------------------------------------------+
; Parameter Name ; Value ; Type                                        ;
+----------------+-------+---------------------------------------------+
; rst            ; 00    ; Unsigned Binary                             ;
; trigg          ; 01    ; Unsigned Binary                             ;
; count          ; 10    ; Unsigned Binary                             ;
; wt             ; 11    ; Unsigned Binary                             ;
; min_dis        ; 70    ; Signed Integer                              ;
+----------------+-------+---------------------------------------------+
Note: In order to hide this table in the UI and the text report file, please set the "Show Parameter Settings in Synthesis Report" option in "Analysis and Synthesis Settings -> More Settings" to "Off".


+---------------------------------------------------------------------+
; Parameter Settings for User Entity Instance: t2c_maze_explorer:maze ;
+----------------+-------+--------------------------------------------+
; Parameter Name ; Value ; Type                                       ;
+----------------+-------+--------------------------------------------+
; N              ; 00    ; Unsigned Binary                            ;
; E              ; 01    ; Unsigned Binary                            ;
; W              ; 10    ; Unsigned Binary                            ;
; S              ; 11    ; Unsigned Binary                            ;
+----------------+-------+--------------------------------------------+
Note: In order to hide this table in the UI and the text report file, please set the "Show Parameter Settings in Synthesis Report" option in "Analysis and Synthesis Settings -> More Settings" to "Off".


+-----------------------------------------------------------------------------------------------------------------------------------------------------------------------------------------------------------------------------+
; Port Connectivity Checks: "pwm_generator:pwm_r"                                                                                                                                                                             ;
+-------------+---------+------------------+----------------------------------------------------------------------------------------------------------------------------------------------------------------------------------+
; Port        ; Type    ; Severity         ; Details                                                                                                                                                                          ;
+-------------+---------+------------------+----------------------------------------------------------------------------------------------------------------------------------------------------------------------------------+
; clk         ; Unknown ; Critical Warning ; Named port was not declared by the instantiated entity                                                                                                                           ;
; duty_cycle  ; Input   ; Warning          ; Input port expression (8 bits) is wider than the input port (4 bits) it drives.  The 4 most-significant bit(s) in the expression will be dangling if they have no other fanouts. ;
; clk_3125KHz ; Input   ; Warning          ; Declared by entity but not connected by instance. If a default value exists, it will be used.  Otherwise, the port will be connected to GND.                                     ;
; clk_195KHz  ; Output  ; Warning          ; Declared by entity but not connected by instance. Logic that only feeds a dangling port will be removed.                                                                         ;
+-------------+---------+------------------+----------------------------------------------------------------------------------------------------------------------------------------------------------------------------------+


+-----------------------------------------------------------------------------------------------------------------------------------------------------------------------------------------------------------------------------+
; Port Connectivity Checks: "pwm_generator:pwm_l"                                                                                                                                                                             ;
+-------------+---------+------------------+----------------------------------------------------------------------------------------------------------------------------------------------------------------------------------+
; Port        ; Type    ; Severity         ; Details                                                                                                                                                                          ;
+-------------+---------+------------------+----------------------------------------------------------------------------------------------------------------------------------------------------------------------------------+
; clk         ; Unknown ; Critical Warning ; Named port was not declared by the instantiated entity                                                                                                                           ;
; duty_cycle  ; Input   ; Warning          ; Input port expression (8 bits) is wider than the input port (4 bits) it drives.  The 4 most-significant bit(s) in the expression will be dangling if they have no other fanouts. ;
; clk_3125KHz ; Input   ; Warning          ; Declared by entity but not connected by instance. If a default value exists, it will be used.  Otherwise, the port will be connected to GND.                                     ;
; clk_195KHz  ; Output  ; Warning          ; Declared by entity but not connected by instance. Logic that only feeds a dangling port will be removed.                                                                         ;
+-------------+---------+------------------+----------------------------------------------------------------------------------------------------------------------------------------------------------------------------------+


+--------------------------------------------------------------------------------------------------------------------------------------------------------------------------------------------------------------------------+
; Port Connectivity Checks: "mbMotionController:ctrl"                                                                                                                                                                      ;
+-----------------+--------+----------+------------------------------------------------------------------------------------------------------------------------------------------------------------------------------------+
; Port            ; Type   ; Severity ; Details                                                                                                                                                                            ;
+-----------------+--------+----------+------------------------------------------------------------------------------------------------------------------------------------------------------------------------------------+
; left_enc        ; Input  ; Warning  ; Input port expression (32 bits) is wider than the input port (8 bits) it drives.  The 24 most-significant bit(s) in the expression will be dangling if they have no other fanouts. ;
; right_enc       ; Input  ; Warning  ; Input port expression (32 bits) is wider than the input port (8 bits) it drives.  The 24 most-significant bit(s) in the expression will be dangling if they have no other fanouts. ;
; left_pwm[7..4]  ; Output ; Info     ; Connected to dangling logic. Logic that only feeds a dangling port will be removed.                                                                                                ;
; right_pwm[7..4] ; Output ; Info     ; Connected to dangling logic. Logic that only feeds a dangling port will be removed.                                                                                                ;
+-----------------+--------+----------+------------------------------------------------------------------------------------------------------------------------------------------------------------------------------------+


+---------------------------------------------------------------------------------------------------------------------------------------------------------------------------------------------------------------+
; Port Connectivity Checks: "t2c_maze_explorer:maze"                                                                                                                                                            ;
+-------+-------+----------+------------------------------------------------------------------------------------------------------------------------------------------------------------------------------------+
; Port  ; Type  ; Severity ; Details                                                                                                                                                                            ;
+-------+-------+----------+------------------------------------------------------------------------------------------------------------------------------------------------------------------------------------+
; mid   ; Input ; Warning  ; Input port expression (16 bits) is wider than the input port (1 bits) it drives.  The 15 most-significant bit(s) in the expression will be dangling if they have no other fanouts. ;
; left  ; Input ; Warning  ; Input port expression (16 bits) is wider than the input port (1 bits) it drives.  The 15 most-significant bit(s) in the expression will be dangling if they have no other fanouts. ;
; right ; Input ; Warning  ; Input port expression (16 bits) is wider than the input port (1 bits) it drives.  The 15 most-significant bit(s) in the expression will be dangling if they have no other fanouts. ;
+-------+-------+----------+------------------------------------------------------------------------------------------------------------------------------------------------------------------------------------+


+--------------------------------------------------------------------------------------------------------------------------------------------------------------------------+
; Port Connectivity Checks: "t1b_ultrasonic:us_right"                                                                                                                      ;
+-------+--------+----------+----------------------------------------------------------------------------------------------------------------------------------------------+
; Port  ; Type   ; Severity ; Details                                                                                                                                      ;
+-------+--------+----------+----------------------------------------------------------------------------------------------------------------------------------------------+
; reset ; Input  ; Warning  ; Declared by entity but not connected by instance. If a default value exists, it will be used.  Otherwise, the port will be connected to GND. ;
; op    ; Output ; Warning  ; Declared by entity but not connected by instance. Logic that only feeds a dangling port will be removed.                                     ;
+-------+--------+----------+----------------------------------------------------------------------------------------------------------------------------------------------+


+--------------------------------------------------------------------------------------------------------------------------------------------------------------------------+
; Port Connectivity Checks: "t1b_ultrasonic:us_left"                                                                                                                       ;
+-------+--------+----------+----------------------------------------------------------------------------------------------------------------------------------------------+
; Port  ; Type   ; Severity ; Details                                                                                                                                      ;
+-------+--------+----------+----------------------------------------------------------------------------------------------------------------------------------------------+
; reset ; Input  ; Warning  ; Declared by entity but not connected by instance. If a default value exists, it will be used.  Otherwise, the port will be connected to GND. ;
; op    ; Output ; Warning  ; Declared by entity but not connected by instance. Logic that only feeds a dangling port will be removed.                                     ;
+-------+--------+----------+----------------------------------------------------------------------------------------------------------------------------------------------+


+--------------------------------------------------------------------------------------------------------------------------------------------------------------------------+
; Port Connectivity Checks: "t1b_ultrasonic:us_front"                                                                                                                      ;
+-------+--------+----------+----------------------------------------------------------------------------------------------------------------------------------------------+
; Port  ; Type   ; Severity ; Details                                                                                                                                      ;
+-------+--------+----------+----------------------------------------------------------------------------------------------------------------------------------------------+
; reset ; Input  ; Warning  ; Declared by entity but not connected by instance. If a default value exists, it will be used.  Otherwise, the port will be connected to GND. ;
; op    ; Output ; Warning  ; Declared by entity but not connected by instance. Logic that only feeds a dangling port will be removed.                                     ;
+-------+--------+----------+----------------------------------------------------------------------------------------------------------------------------------------------+


+---------------------------------------------------------------------------------------------------------------------------------------------------------------------------------+
; Port Connectivity Checks: "encoder:encoder_right"                                                                                                                               ;
+--------------+--------+----------+----------------------------------------------------------------------------------------------------------------------------------------------+
; Port         ; Type   ; Severity ; Details                                                                                                                                      ;
+--------------+--------+----------+----------------------------------------------------------------------------------------------------------------------------------------------+
; count[31..8] ; Output ; Info     ; Connected to dangling logic. Logic that only feeds a dangling port will be removed.                                                          ;
; reset        ; Input  ; Warning  ; Declared by entity but not connected by instance. If a default value exists, it will be used.  Otherwise, the port will be connected to GND. ;
+--------------+--------+----------+----------------------------------------------------------------------------------------------------------------------------------------------+


+---------------------------------------------------------------------------------------------------------------------------------------------------------------------------------+
; Port Connectivity Checks: "encoder:encoder_left"                                                                                                                                ;
+--------------+--------+----------+----------------------------------------------------------------------------------------------------------------------------------------------+
; Port         ; Type   ; Severity ; Details                                                                                                                                      ;
+--------------+--------+----------+----------------------------------------------------------------------------------------------------------------------------------------------+
; count[31..8] ; Output ; Info     ; Connected to dangling logic. Logic that only feeds a dangling port will be removed.                                                          ;
; reset        ; Input  ; Warning  ; Declared by entity but not connected by instance. If a default value exists, it will be used.  Otherwise, the port will be connected to GND. ;
+--------------+--------+----------+----------------------------------------------------------------------------------------------------------------------------------------------+


+-------------------------------+
; Analysis & Synthesis Messages ;
+-------------------------------+
Info: *******************************************************************
Info: Running Quartus Prime Analysis & Synthesis
    Info: Version 20.1.1 Build 720 11/11/2020 SJ Lite Edition
    Info: Processing started: Sat Jan 10 15:26:25 2026
Info: Command: quartus_map --read_settings_files=on --write_settings_files=off mbMotionController -c mbMotionController
Warning (18236): Number of processors has not been specified which may cause overloading on shared machines.  Set the global assignment NUM_PARALLEL_PROCESSORS in your QSF to an appropriate value for best performance.
Info (20030): Parallel compilation is enabled and will use 6 of the 6 processors detected
Info (12021): Found 1 design units, including 1 entities, in source file /users/rajjo/downloads/1185#56_mb_1189_task2c/mb_1189_task2c/t2c_maze_explorer/code/t2c_maze_explorer.v
    Info (12023): Found entity 1: t2c_maze_explorer File: C:/Users/rajjo/Downloads/1185#56_mb_1189_task2c/mb_1189_task2c/t2c_maze_explorer/code/t2c_maze_explorer.v Line: 3
Info (12021): Found 1 design units, including 1 entities, in source file /users/rajjo/onedrive/desktop/t1a_fs_pwm/code/pwm_generator.v
    Info (12023): Found entity 1: pwm_generator File: C:/Users/rajjo/OneDrive/Desktop/t1a_fs_pwm/code/pwm_generator.v Line: 1
Info (12021): Found 1 design units, including 1 entities, in source file /users/rajjo/onedrive/desktop/t1b_ultrasonic/code/t1b_ultrasonic.v
    Info (12023): Found entity 1: t1b_ultrasonic File: C:/Users/rajjo/OneDrive/Desktop/t1b_ultrasonic/code/t1b_ultrasonic.v Line: 16
Info (12021): Found 1 design units, including 1 entities, in source file mbmotioncontroller.v
    Info (12023): Found entity 1: mbMotionController File: C:/eyantra/task4/mbMotionController.v Line: 1
Info (12021): Found 1 design units, including 1 entities, in source file topmodule.v
    Info (12023): Found entity 1: topModule File: C:/eyantra/task4/topModule.v Line: 1
Info (12021): Found 1 design units, including 1 entities, in source file encoder.v
    Info (12023): Found entity 1: encoder File: C:/eyantra/task4/encoder.v Line: 1
Warning (10236): Verilog HDL Implicit Net warning at topModule.v(105): created implicit net for "clk_195KHz" File: C:/eyantra/task4/topModule.v Line: 105
Info (12127): Elaborating entity "topModule" for the top level hierarchy
Info (12128): Elaborating entity "encoder" for hierarchy "encoder:encoder_left" File: C:/eyantra/task4/topModule.v Line: 50
Info (12128): Elaborating entity "t1b_ultrasonic" for hierarchy "t1b_ultrasonic:us_front" File: C:/eyantra/task4/topModule.v Line: 64
Warning (10230): Verilog HDL assignment warning at t1b_ultrasonic.v(97): truncated value with size 32 to match size of target (23) File: C:/Users/rajjo/OneDrive/Desktop/t1b_ultrasonic/code/t1b_ultrasonic.v Line: 97
Warning (10230): Verilog HDL assignment warning at t1b_ultrasonic.v(121): truncated value with size 32 to match size of target (16) File: C:/Users/rajjo/OneDrive/Desktop/t1b_ultrasonic/code/t1b_ultrasonic.v Line: 121
Info (12128): Elaborating entity "t2c_maze_explorer" for hierarchy "t2c_maze_explorer:maze" File: C:/eyantra/task4/topModule.v Line: 87
Info (12128): Elaborating entity "mbMotionController" for hierarchy "mbMotionController:ctrl" File: C:/eyantra/task4/topModule.v Line: 102
Warning (10230): Verilog HDL assignment warning at mbMotionController.v(85): truncated value with size 16 to match size of target (8) File: C:/eyantra/task4/mbMotionController.v Line: 85
Warning (10230): Verilog HDL assignment warning at mbMotionController.v(87): truncated value with size 32 to match size of target (8) File: C:/eyantra/task4/mbMotionController.v Line: 87
Info (12128): Elaborating entity "pwm_generator" for hierarchy "pwm_generator:pwm_l" File: C:/eyantra/task4/topModule.v Line: 108
Warning (10230): Verilog HDL assignment warning at pwm_generator.v(15): truncated value with size 32 to match size of target (4) File: C:/Users/rajjo/OneDrive/Desktop/t1a_fs_pwm/code/pwm_generator.v Line: 15
Error (12002): Port "clk" does not exist in macrofunction "pwm_r" File: C:/eyantra/task4/topModule.v Line: 114
Error (12002): Port "clk" does not exist in macrofunction "pwm_l" File: C:/eyantra/task4/topModule.v Line: 108
Warning (12241): 9 hierarchies have connectivity warnings - see the Connectivity Checks report folder
Info (144001): Generated suppressed messages file C:/eyantra/task4/output_files/mbMotionController.map.smsg
Error: Quartus Prime Analysis & Synthesis was unsuccessful. 2 errors, 8 warnings
    Error: Peak virtual memory: 4711 megabytes
    Error: Processing ended: Sat Jan 10 15:26:40 2026
    Error: Elapsed time: 00:00:15
    Error: Total CPU time (on all processors): 00:00:23


+------------------------------------------+
; Analysis & Synthesis Suppressed Messages ;
+------------------------------------------+
The suppressed messages can be found in C:/eyantra/task4/output_files/mbMotionController.map.smsg.


